[    0.000000] Linux version 4.15.0-212-generic (buildd@lcy02-amd64-083) (gcc version 7.5.0 (Ubuntu 7.5.0-3ubuntu1~18.04)) #223-Ubuntu SMP Tue May 23 13:09:22 UTC 2023 (Ubuntu 4.15.0-212.223-generic 4.15.18)
[    0.000000] Command line: BOOT_IMAGE=/boot/vmlinuz-4.15.0-212-generic root=LABEL=cloudimg-rootfs ro console=tty1 console=ttyS0
[    0.000000] KERNEL supported cpus:
[    0.000000]   Intel GenuineIntel
[    0.000000]   AMD AuthenticAMD
[    0.000000]   Centaur CentaurHauls
[    0.000000] x86/fpu: x87 FPU will use FXSAVE
[    0.000000] e820: BIOS-provided physical RAM map:
[    0.000000] BIOS-e820: [mem 0x0000000000000000-0x000000000009fbff] usable
[    0.000000] BIOS-e820: [mem 0x000000000009fc00-0x000000000009ffff] reserved
[    0.000000] BIOS-e820: [mem 0x00000000000f0000-0x00000000000fffff] reserved
[    0.000000] BIOS-e820: [mem 0x0000000000100000-0x000000003ffeffff] usable
[    0.000000] BIOS-e820: [mem 0x000000003fff0000-0x000000003fffffff] ACPI data
[    0.000000] BIOS-e820: [mem 0x00000000fec00000-0x00000000fec00fff] reserved
[    0.000000] BIOS-e820: [mem 0x00000000fee00000-0x00000000fee00fff] reserved
[    0.000000] BIOS-e820: [mem 0x00000000fffc0000-0x00000000ffffffff] reserved
[    0.000000] NX (Execute Disable) protection: active
[    0.000000] SMBIOS 2.5 present.
[    0.000000] DMI: innotek GmbH VirtualBox/VirtualBox, BIOS VirtualBox 12/01/2006
[    0.000000] Hypervisor detected: KVM
[    0.000000] e820: last_pfn = 0x3fff0 max_arch_pfn = 0x400000000
[    0.000000] MTRR: Disabled
[    0.000000] x86/PAT: MTRRs disabled, skipping PAT initialization too.
[    0.000000] CPU MTRRs all blank - virtualized system.
[    0.000000] x86/PAT: Configuration [0-7]: WB  WT  UC- UC  WB  WT  UC- UC  
[    0.000000] found SMP MP-table at [mem 0x0009fff0-0x0009ffff]
[    0.000000] Scanning 1 areas for low memory corruption
[    0.000000] RAMDISK: [mem 0x359cb000-0x36cdcfff]
[    0.000000] ACPI: Early table checksum verification disabled
[    0.000000] ACPI: RSDP 0x00000000000E0000 000024 (v02 VBOX  )
[    0.000000] ACPI: XSDT 0x000000003FFF0030 00003C (v01 VBOX   VBOXXSDT 00000001 ASL  00000061)
[    0.000000] ACPI: FACP 0x000000003FFF00F0 0000F4 (v04 VBOX   VBOXFACP 00000001 ASL  00000061)
[    0.000000] ACPI: DSDT 0x000000003FFF0610 002353 (v02 VBOX   VBOXBIOS 00000002 INTL 20100528)
[    0.000000] ACPI: FACS 0x000000003FFF0200 000040
[    0.000000] ACPI: FACS 0x000000003FFF0200 000040
[    0.000000] ACPI: APIC 0x000000003FFF0240 00005C (v02 VBOX   VBOXAPIC 00000001 ASL  00000061)
[    0.000000] ACPI: SSDT 0x000000003FFF02A0 00036C (v01 VBOX   VBOXCPUT 00000002 INTL 20100528)
[    0.000000] ACPI: Reserving FACP table memory at [mem 0x3fff00f0-0x3fff01e3]
[    0.000000] ACPI: Reserving DSDT table memory at [mem 0x3fff0610-0x3fff2962]
[    0.000000] ACPI: Reserving FACS table memory at [mem 0x3fff0200-0x3fff023f]
[    0.000000] ACPI: Reserving FACS table memory at [mem 0x3fff0200-0x3fff023f]
[    0.000000] ACPI: Reserving APIC table memory at [mem 0x3fff0240-0x3fff029b]
[    0.000000] ACPI: Reserving SSDT table memory at [mem 0x3fff02a0-0x3fff060b]
[    0.000000] No NUMA configuration found
[    0.000000] Faking a node at [mem 0x0000000000000000-0x000000003ffeffff]
[    0.000000] NODE_DATA(0) allocated [mem 0x3ffc5000-0x3ffeffff]
[    0.000000] kvm-clock: cpu 0, msr 0:3ff44001, primary cpu clock
[    0.000000] kvm-clock: Using msrs 4b564d01 and 4b564d00
[    0.000000] kvm-clock: using sched offset of 3908733769 cycles
[    0.000000] clocksource: kvm-clock: mask: 0xffffffffffffffff max_cycles: 0x1cd42e4dffb, max_idle_ns: 881590591483 ns
[    0.000000] Zone ranges:
[    0.000000]   DMA      [mem 0x0000000000001000-0x0000000000ffffff]
[    0.000000]   DMA32    [mem 0x0000000001000000-0x000000003ffeffff]
[    0.000000]   Normal   empty
[    0.000000]   Device   empty
[    0.000000] Movable zone start for each node
[    0.000000] Early memory node ranges
[    0.000000]   node   0: [mem 0x0000000000001000-0x000000000009efff]
[    0.000000]   node   0: [mem 0x0000000000100000-0x000000003ffeffff]
[    0.000000] Reserved but unavailable: 104 pages
[    0.000000] Initmem setup node 0 [mem 0x0000000000001000-0x000000003ffeffff]
[    0.000000] ACPI: PM-Timer IO Port: 0x4008
[    0.000000] IOAPIC[0]: apic_id 2, version 32, address 0xfec00000, GSI 0-23
[    0.000000] ACPI: INT_SRC_OVR (bus 0 bus_irq 0 global_irq 2 dfl dfl)
[    0.000000] ACPI: INT_SRC_OVR (bus 0 bus_irq 9 global_irq 9 low level)
[    0.000000] Using ACPI (MADT) for SMP configuration information
[    0.000000] smpboot: Allowing 2 CPUs, 0 hotplug CPUs
[    0.000000] PM: Registered nosave memory: [mem 0x00000000-0x00000fff]
[    0.000000] PM: Registered nosave memory: [mem 0x0009f000-0x0009ffff]
[    0.000000] PM: Registered nosave memory: [mem 0x000a0000-0x000effff]
[    0.000000] PM: Registered nosave memory: [mem 0x000f0000-0x000fffff]
[    0.000000] e820: [mem 0x40000000-0xfebfffff] available for PCI devices
[    0.000000] Booting paravirtualized kernel on KVM
[    0.000000] clocksource: refined-jiffies: mask: 0xffffffff max_cycles: 0xffffffff, max_idle_ns: 7645519600211568 ns
[    0.000000] setup_percpu: NR_CPUS:8192 nr_cpumask_bits:2 nr_cpu_ids:2 nr_node_ids:1
[    0.000000] percpu: Embedded 50 pages/cpu s167936 r8192 d28672 u1048576
[    0.000000] PV qspinlock hash table entries: 256 (order: 0, 4096 bytes)
[    0.000000] Built 1 zonelists, mobility grouping on.  Total pages: 257913
[    0.000000] Policy zone: DMA32
[    0.000000] Kernel command line: BOOT_IMAGE=/boot/vmlinuz-4.15.0-212-generic root=LABEL=cloudimg-rootfs ro console=tty1 console=ttyS0
[    0.000000] Memory: 982644K/1048120K available (12300K kernel code, 2477K rwdata, 4324K rodata, 2480K init, 2720K bss, 65476K reserved, 0K cma-reserved)
[    0.000000] SLUB: HWalign=64, Order=0-3, MinObjects=0, CPUs=2, Nodes=1
[    0.000000] ftrace: allocating 39508 entries in 155 pages
[    0.004000] Hierarchical RCU implementation.
[    0.004000] 	RCU restricting CPUs from NR_CPUS=8192 to nr_cpu_ids=2.
[    0.004000] 	Tasks RCU enabled.
[    0.004000] RCU: Adjusting geometry for rcu_fanout_leaf=16, nr_cpu_ids=2
[    0.004000] NR_IRQS: 524544, nr_irqs: 440, preallocated irqs: 16
[    0.004000] random: crng init done
[    0.004000] Console: colour VGA+ 80x25
[    0.004000] console [tty1] enabled
[    0.004000] console [ttyS0] enabled
[    0.004000] ACPI: Core revision 20170831
[    0.004000] ACPI: 2 ACPI AML tables successfully acquired and loaded
[    0.004000] APIC: Switch to symmetric I/O mode setup
[    0.004000] ..TIMER: vector=0x30 apic1=0 pin1=2 apic2=-1 pin2=-1
[    0.004000] tsc: Detected 1800.006 MHz processor
[    0.004000] Calibrating delay loop (skipped) preset value.. 3600.01 BogoMIPS (lpj=7200024)
[    0.004000] pid_max: default: 32768 minimum: 301
[    0.004000] Security Framework initialized
[    0.004000] Yama: becoming mindful.
[    0.004102] AppArmor: AppArmor initialized
[    0.014421] Dentry cache hash table entries: 131072 (order: 8, 1048576 bytes)
[    0.020117] Inode-cache hash table entries: 65536 (order: 7, 524288 bytes)
[    0.024090] Mount-cache hash table entries: 2048 (order: 2, 16384 bytes)
[    0.028108] Mountpoint-cache hash table entries: 2048 (order: 2, 16384 bytes)
[    0.036120] Last level iTLB entries: 4KB 64, 2MB 8, 4MB 8
[    0.040002] Last level dTLB entries: 4KB 64, 2MB 0, 4MB 0, 1GB 4
[    0.044004] Spectre V1 : Mitigation: usercopy/swapgs barriers and __user pointer sanitization
[    0.048002] Spectre V2 : Mitigation: Retpolines
[    0.052002] Spectre V2 : Spectre v2 / SpectreRSB mitigation: Filling RSB on context switch
[    0.056002] Spectre V2 : Spectre v2 / SpectreRSB : Filling RSB on VMEXIT
[    0.060002] RETBleed: WARNING: Spectre v2 mitigation leaves CPU vulnerable to RETBleed attacks, data leaks possible!
[    0.064002] RETBleed: Vulnerable
[    0.068002] Speculative Store Bypass: Vulnerable
[    0.072077] MDS: Mitigation: Clear CPU buffers
[    0.076002] MMIO Stale Data: Mitigation: Clear CPU buffers
[    0.084003] SRBDS: Unknown: Dependent on hypervisor status
[    0.088175] Freeing SMP alternatives memory: 36K
[    0.202363] APIC calibration not consistent with PM-Timer: 98ms instead of 100ms
[    0.204000] APIC delta adjusted to PM-Timer: 6250963 (6181496)
[    0.204430] smpboot: CPU0: Intel(R) Core(TM) i5-8265U CPU @ 1.60GHz (family: 0x6, model: 0x8e, stepping: 0xb)
[    0.208528] Performance Events: unsupported p6 CPU model 142 no PMU driver, software events only.
[    0.212141] Hierarchical SRCU implementation.
[    0.216897] NMI watchdog: Perf event create on CPU 0 failed with -2
[    0.220002] NMI watchdog: Perf NMI watchdog permanently disabled
[    0.224383] smp: Bringing up secondary CPUs ...
[    0.229140] x86: Booting SMP configuration:
[    0.232006] .... node  #0, CPUs:      #1
[    0.004000] kvm-clock: cpu 1, msr 0:3ff44041, secondary cpu clock
[    0.248000] TSC synchronization [CPU#0 -> CPU#1]:
[    0.248000] Measured 47072 cycles TSC warp between CPUs, turning off TSC clock.
[    0.248000] tsc: Marking TSC unstable due to check_tsc_sync_source failed
[    0.252336] smp: Brought up 1 node, 2 CPUs
[    0.256005] smpboot: Max logical packages: 1
[    0.260003] smpboot: Total of 2 processors activated (7200.02 BogoMIPS)
[    0.268659] devtmpfs: initialized
[    0.272117] x86/mm: Memory block size: 128MB
[    0.276467] evm: security.selinux
[    0.280002] evm: security.SMACK64
[    0.284002] evm: security.SMACK64EXEC
[    0.288002] evm: security.SMACK64TRANSMUTE
[    0.292002] evm: security.SMACK64MMAP
[    0.296002] evm: security.apparmor
[    0.299827] evm: security.ima
[    0.300002] evm: security.capability
[    0.304463] clocksource: jiffies: mask: 0xffffffff max_cycles: 0xffffffff, max_idle_ns: 7645041785100000 ns
[    0.308008] futex hash table entries: 512 (order: 3, 32768 bytes)
[    0.312258] pinctrl core: initialized pinctrl subsystem
[    0.316599] RTC time: 19:43:21, date: 04/02/24
[    0.324178] NET: Registered protocol family 16
[    0.328131] audit: initializing netlink subsys (disabled)
[    0.332207] audit: type=2000 audit(1712087006.601:1): state=initialized audit_enabled=0 res=1
[    0.344008] cpuidle: using governor ladder
[    0.348039] cpuidle: using governor menu
[    0.352102] ACPI: bus type PCI registered
[    0.356003] acpiphp: ACPI Hot Plug PCI Controller Driver version: 0.5
[    0.360615] PCI: Using configuration type 1 for base access
[    0.372362] HugeTLB registered 2.00 MiB page size, pre-allocated 0 pages
[    0.380665] ACPI: Added _OSI(Module Device)
[    0.384004] ACPI: Added _OSI(Processor Device)
[    0.388002] ACPI: Added _OSI(3.0 _SCP Extensions)
[    0.392002] ACPI: Added _OSI(Processor Aggregator Device)
[    0.396003] ACPI: Added _OSI(Linux-Dell-Video)
[    0.400003] ACPI: Added _OSI(Linux-Lenovo-NV-HDMI-Audio)
[    0.404003] ACPI: Added _OSI(Linux-HPI-Hybrid-Graphics)
[    0.412053] ACPI: Executed 1 blocks of module-level executable AML code
[    0.423553] ACPI: Interpreter enabled
[    0.424020] ACPI: (supports S0 S5)
[    0.428003] ACPI: Using IOAPIC for interrupt routing
[    0.436430] PCI: Using host bridge windows from ACPI; if necessary, use "pci=nocrs" and report a bug
[    0.440284] ACPI: Enabled 2 GPEs in block 00 to 07
[    0.456053] ACPI: PCI Root Bridge [PCI0] (domain 0000 [bus 00-ff])
[    0.460007] acpi PNP0A03:00: _OSC: OS supports [ASPM ClockPM Segments MSI]
[    0.464786] acpi PNP0A03:00: _OSC: not requesting OS control; OS requires [ExtendedConfig ASPM ClockPM MSI]
[    0.468011] acpi PNP0A03:00: fail to add MMCONFIG information, can't access extended PCI configuration space under this bridge.
[    0.472808] PCI host bridge to bus 0000:00
[    0.476004] pci_bus 0000:00: root bus resource [io  0x0000-0x0cf7 window]
[    0.480003] pci_bus 0000:00: root bus resource [io  0x0d00-0xffff window]
[    0.484003] pci_bus 0000:00: root bus resource [mem 0x000a0000-0x000bffff window]
[    0.492022] pci_bus 0000:00: root bus resource [mem 0x40000000-0xfdffffff window]
[    0.496007] pci_bus 0000:00: root bus resource [bus 00-ff]
[    0.508282] pci 0000:00:01.1: legacy IDE quirk: reg 0x10: [io  0x01f0-0x01f7]
[    0.512003] pci 0000:00:01.1: legacy IDE quirk: reg 0x14: [io  0x03f6]
[    0.516003] pci 0000:00:01.1: legacy IDE quirk: reg 0x18: [io  0x0170-0x0177]
[    0.520012] pci 0000:00:01.1: legacy IDE quirk: reg 0x1c: [io  0x0376]
[    0.547895] pci 0000:00:07.0: quirk: [io  0x4000-0x403f] claimed by PIIX4 ACPI
[    0.548039] pci 0000:00:07.0: quirk: [io  0x4100-0x410f] claimed by PIIX4 SMB
[    0.560580] ACPI: PCI Interrupt Link [LNKA] (IRQs 5 9 10 *11)
[    0.564626] ACPI: PCI Interrupt Link [LNKB] (IRQs 5 9 *10 11)
[    0.568220] ACPI: PCI Interrupt Link [LNKC] (IRQs 5 *9 10 11)
[    0.572240] ACPI: PCI Interrupt Link [LNKD] (IRQs 5 9 10 *11)
[    0.576967] SCSI subsystem initialized
[    0.580238] pci 0000:00:02.0: vgaarb: setting as boot VGA device
[    0.584000] pci 0000:00:02.0: vgaarb: VGA device added: decodes=io+mem,owns=io+mem,locks=none
[    0.584005] pci 0000:00:02.0: vgaarb: bridge control possible
[    0.588002] vgaarb: loaded
[    0.592087] ACPI: bus type USB registered
[    0.596015] usbcore: registered new interface driver usbfs
[    0.600033] usbcore: registered new interface driver hub
[    0.604009] usbcore: registered new device driver usb
[    0.612151] EDAC MC: Ver: 3.0.0
[    0.617013] PCI: Using ACPI for IRQ routing
[    0.620790] NetLabel: Initializing
[    0.624002] NetLabel:  domain hash size = 128
[    0.628002] NetLabel:  protocols = UNLABELED CIPSOv4 CALIPSO
[    0.632019] NetLabel:  unlabeled traffic allowed by default
[    0.640498] clocksource: Switched to clocksource kvm-clock
[    0.649830] VFS: Disk quotas dquot_6.6.0
[    0.649830] VFS: Dquot-cache hash table entries: 512 (order 0, 4096 bytes)
[    0.649830] AppArmor: AppArmor Filesystem Enabled
[    0.649830] pnp: PnP ACPI init
[    0.649830] pnp: PnP ACPI: found 3 devices
[    0.765033] clocksource: acpi_pm: mask: 0xffffff max_cycles: 0xffffff, max_idle_ns: 2085701024 ns
[    0.768971] NET: Registered protocol family 2
[    0.768971] IP idents hash table entries: 16384 (order: 5, 131072 bytes)
[    0.788819] TCP established hash table entries: 8192 (order: 4, 65536 bytes)
[    0.792422] TCP bind hash table entries: 8192 (order: 5, 131072 bytes)
[    0.803368] TCP: Hash tables configured (established 8192 bind 8192)
[    0.806717] UDP hash table entries: 512 (order: 2, 16384 bytes)
[    0.806717] UDP-Lite hash table entries: 512 (order: 2, 16384 bytes)
[    0.806717] NET: Registered protocol family 1
[    0.806717] pci 0000:00:00.0: Limiting direct PCI/PCI transfers
[    0.806717] pci 0000:00:01.0: Activating ISA DMA hang workarounds
[    0.806717] pci 0000:00:02.0: Video device with shadowed ROM at [mem 0x000c0000-0x000dffff]
[    0.806717] Unpacking initramfs...
[    1.366101] Freeing initrd memory: 19528K
[    1.370706] clocksource: tsc: mask: 0xffffffffffffffff max_cycles: 0x19f22f68897, max_idle_ns: 440795282550 ns
[    1.380188] platform rtc_cmos: registered platform RTC device (no PNP device found)
[    1.388182] Scanning for low memory corruption every 60 seconds
[    1.396620] Initialise system trusted keyrings
[    1.400030] Key type blacklist registered
[    1.405206] workingset: timestamp_bits=36 max_order=18 bucket_order=0
[    1.414721] zbud: loaded
[    1.419706] squashfs: version 4.0 (2009/01/31) Phillip Lougher
[    1.427226] fuse init (API version 7.26)
[    1.455047] Key type asymmetric registered
[    1.459754] Asymmetric key parser 'x509' registered
[    1.464341] Block layer SCSI generic (bsg) driver version 0.4 loaded (major 246)
[    1.472437] io scheduler noop registered
[    1.477017] io scheduler deadline registered
[    1.481124] io scheduler cfq registered (default)
[    1.486977] ACPI: AC Adapter [AC] (on-line)
[    1.492016] input: Power Button as /devices/LNXSYSTM:00/LNXPWRBN:00/input/input0
[    1.500286] ACPI: Power Button [PWRF]
[    1.504913] input: Sleep Button as /devices/LNXSYSTM:00/LNXSLPBN:00/input/input1
[    1.512230] ACPI: Sleep Button [SLPF]
[    1.517746] Serial: 8250/16550 driver, 32 ports, IRQ sharing enabled
[    1.519696] ACPI: Battery Slot [BAT0] (battery present)
[    1.554749] 00:02: ttyS0 at I/O 0x3f8 (irq = 4, base_baud = 115200) is a 16550A
[    1.557898] Linux agpgart interface v0.103
[    1.573862] loop: module loaded
[    1.583039] scsi host0: ata_piix
[    1.588599] scsi host1: ata_piix
[    1.592745] ata1: PATA max UDMA/33 cmd 0x1f0 ctl 0x3f6 bmdma 0xd000 irq 14
[    1.596640] ata2: PATA max UDMA/33 cmd 0x170 ctl 0x376 bmdma 0xd008 irq 15
[    1.605927] tun: Universal TUN/TAP device driver, 1.6
[    1.611413] PPP generic driver version 2.4.2
[    1.615346] ehci_hcd: USB 2.0 'Enhanced' Host Controller (EHCI) Driver
[    1.615346] ehci-pci: EHCI PCI platform driver
[    1.615346] ehci-platform: EHCI generic platform driver
[    1.615346] ohci_hcd: USB 1.1 'Open' Host Controller (OHCI) Driver
[    1.615346] ohci-pci: OHCI PCI platform driver
[    1.615346] ohci-platform: OHCI generic platform driver
[    1.615346] uhci_hcd: USB Universal Host Controller Interface driver
[    1.615346] i8042: PNP: PS/2 Controller [PNP0303:PS2K,PNP0f03:PS2M] at 0x60,0x64 irq 1,12
[    1.615346] serio: i8042 KBD port at 0x60,0x64 irq 1
[    1.615346] serio: i8042 AUX port at 0x60,0x64 irq 12
[    1.615346] mousedev: PS/2 mouse device common for all mice
[    1.684582] rtc_cmos rtc_cmos: rtc core: registered rtc_cmos as rtc0
[    1.691952] rtc_cmos rtc_cmos: alarms up to one day, 114 bytes nvram
[    1.698908] i2c /dev entries driver
[    1.702767] device-mapper: uevent: version 1.0.3
[    1.708103] input: AT Translated Set 2 keyboard as /devices/platform/i8042/serio0/input/input2
[    1.716816] device-mapper: ioctl: 4.37.0-ioctl (2017-09-20) initialised: dm-devel@redhat.com
[    1.726575] ledtrig-cpu: registered to indicate activity on CPUs
[    1.734588] NET: Registered protocol family 10
[    1.753679] Segment Routing with IPv6
[    1.757912] NET: Registered protocol family 17
[    1.762612] Key type dns_resolver registered
[    1.767744] mce: Using 0 MCE banks
[    1.771528] RAS: Correctable Errors collector initialized.
[    1.777347] sched_clock: Marking stable (1777211744, 0)->(2644319450, -867107706)
[    1.835954] registered taskstats version 1
[    1.841056] Loading compiled-in X.509 certificates
[    1.853682] Loaded X.509 cert 'Build time autogenerated kernel key: b5b26778eaa3ab3a4a6cee031137706e947d12ad'
[    1.864193] Loaded X.509 cert 'Canonical Ltd. Live Patch Signing: 14df34d1a87cf37625abec039ef2bf521249b969'
[    1.874753] Loaded X.509 cert 'Canonical Ltd. Kernel Module Signing: 88f752e560a1e0737e31163a466ad7b70a850c19'
[    1.889391] blacklist: Loading compiled-in revocation X.509 certificates
[    1.896938] Loaded X.509 cert 'Canonical Ltd. Secure Boot Signing: 61482aa2830d0ab2ad5af10b7250da9033ddcef0'
[    1.906857] Loaded X.509 cert 'Canonical Ltd. Secure Boot Signing (2017): 242ade75ac4a15e50d50c84b0d45ff3eae707a03'
[    1.917597] Loaded X.509 cert 'Canonical Ltd. Secure Boot Signing (ESM 2018): 365188c1d374d6b07c3c8f240f8ef722433d6a8b'
[    1.928254] Loaded X.509 cert 'Canonical Ltd. Secure Boot Signing (2019): c0746fd6c5da3ae827864651ad66ae47fe24b3e8'
[    1.939025] Loaded X.509 cert 'Canonical Ltd. Secure Boot Signing (2021 v1): a8d54bbb3825cfb94fa13c9f8a594a195c107b8d'
[    1.950593] Loaded X.509 cert 'Canonical Ltd. Secure Boot Signing (2021 v2): 4cf046892d6fd3c9a5b03f98d845f90851dc6a8c'
[    1.961482] Loaded X.509 cert 'Canonical Ltd. Secure Boot Signing (2021 v3): 100437bb6de6e469b581e61cd66bce3ef4ed53af'
[    1.972502] Loaded X.509 cert 'Canonical Ltd. Secure Boot Signing (Ubuntu Core 2019): c1d57b8f6b743f23ee41f4f7ee292f06eecadfb9'
[    1.983966] zswap: loaded using pool lzo/zbud
[    2.001772] Key type big_key registered
[    2.006423] Key type trusted registered
[    2.016364] Key type encrypted registered
[    2.021447] AppArmor: AppArmor sha1 policy hashing enabled
[    2.027233] ima: No TPM chip found, activating TPM-bypass! (rc=-19)
[    2.033972] ima: Allocated hash algorithm: sha1
[    2.039321] evm: HMAC attrs: 0x1
[    2.044570]   Magic number: 4:836:747
[    2.049858] rtc_cmos rtc_cmos: setting system clock to 2024-04-02 19:43:23 UTC (1712087003)
[    2.059263] BIOS EDD facility v0.16 2004-Jun-25, 0 devices found
[    2.065963] EDD information not available.
[    2.074779] Freeing unused kernel image memory: 2480K
[    2.092143] Write protecting the kernel read-only data: 20480k
[    2.099893] Freeing unused kernel image memory: 2008K
[    2.106035] Freeing unused kernel image memory: 1820K
[    2.117457] x86/mm: Checked W+X mappings: passed, no W+X pages found.
Loading, please wait...
starting version 237
[    2.212619] Fusion MPT base driver 3.04.20
[    2.217699] Copyright (c) 1999-2008 LSI Corporation
[    2.244840] e1000: Intel(R) PRO/1000 Network Driver - version 7.3.21-k8-NAPI
[    2.252284] e1000: Copyright (c) 1999-2006 Intel Corporation.
[    2.264898] SSE version of gcm_enc/dec engaged.
[    2.271831] Fusion MPT SPI Host driver 3.04.20
[    2.282142] mptbase: ioc0: Initiating bringup
[    2.411287] ioc0: LSI53C1030 A0: Capabilities={Initiator}
[    2.544542] input: ImExPS/2 Generic Explorer Mouse as /devices/platform/i8042/serio1/input/input4
[    3.458300] scsi host2: ioc0: LSI53C1030 A0, FwRev=00000000h, Ports=1, MaxQ=256, IRQ=20
[    4.413882] scsi 2:0:0:0: Direct-Access     VBOX     HARDDISK         1.0  PQ: 0 ANSI: 5
[    4.460424] scsi target2:0:0: Beginning Domain Validation
[    4.475880] scsi target2:0:0: Domain Validation skipping write tests
[    4.482772] scsi target2:0:0: Ending Domain Validation
[    4.489460] scsi target2:0:0: asynchronous
[    4.497663] scsi 2:0:1:0: Direct-Access     VBOX     HARDDISK         1.0  PQ: 0 ANSI: 5
[    4.836126] scsi target2:0:1: Beginning Domain Validation
[    4.851434] scsi target2:0:1: Domain Validation skipping write tests
[    4.858588] scsi target2:0:1: Ending Domain Validation
[    4.864760] scsi target2:0:1: asynchronous
[    4.892074] sd 2:0:0:0: Attached scsi generic sg0 type 0
[    4.898765] sd 2:0:1:0: Attached scsi generic sg1 type 0
[    4.905875] sd 2:0:0:0: [sda] 83886080 512-byte logical blocks: (42.9 GB/40.0 GiB)
[    4.914877] sd 2:0:1:0: [sdb] 20480 512-byte logical blocks: (10.5 MB/10.0 MiB)
[    4.923059] sd 2:0:0:0: [sda] Write Protect is off
[    4.929188] sd 2:0:1:0: [sdb] Write Protect is off
[    4.935323] sd 2:0:0:0: [sda] Incomplete mode parameter data
[    4.941753] sd 2:0:0:0: [sda] Assuming drive cache: write through
[    4.949079] sd 2:0:1:0: [sdb] Incomplete mode parameter data
[    4.955254] sd 2:0:1:0: [sdb] Assuming drive cache: write through
[    4.974516]  sda: sda1
[    4.981513] sd 2:0:0:0: [sda] Attached SCSI disk
[    4.987592] sd 2:0:1:0: [sdb] Attached SCSI disk
[    5.184613] e1000 0000:00:03.0 eth0: (PCI:33MHz:32-bit) 02:3b:7b:b7:3b:2d
[    5.191709] e1000 0000:00:03.0 eth0: Intel(R) PRO/1000 Network Connection
[    5.201182] e1000 0000:00:03.0 enp0s3: renamed from eth0
Begin: Loading essential drivers ... [    7.344799] raid6: sse2x1   gen() 12083 MB/s
[    7.396595] raid6: sse2x1   xor()  8820 MB/s
[    7.449557] raid6: sse2x2   gen() 15557 MB/s
[    7.500459] raid6: sse2x2   xor() 10119 MB/s
[    7.552601] raid6: sse2x4   gen() 17388 MB/s
[    7.604118] raid6: sse2x4   xor() 10862 MB/s
[    7.608871] raid6: using algorithm sse2x4 gen() 17388 MB/s
[    7.614291] raid6: .... xor() 10862 MB/s, rmw enabled
[    7.619816] raid6: using ssse3x2 recovery algorithm
[    7.626532] xor: measuring software checksum speed
[  422.148481] INFO: rcu_sched detected stalls on CPUs/tasks:
[  422.159835] 	1-...!: (3 ticks this GP) idle=f76/140000000000000/0 softirq=1113/1118 fqs=2 
[  422.174805] 	(detected by 0, t=103631 jiffies, g=-145, c=-146, q=100)
[  422.247328] Sending NMI from CPU 0 to CPUs 1:
[  422.338594]    prefetch64-sse: 73471.000 MB/sec
[  422.840014]    generic_sse: 14313.000 MB/sec
[  422.858225] xor: using function: prefetch64-sse (73471.000 MB/sec)
[  436.888218] rcu_sched kthread starved for 103844 jiffies! g18446744073709551471 c18446744073709551470 f0x2 RCU_GP_WAIT_FQS(3) ->state=0x402 ->cpu=0
[  436.924422] rcu_sched       R    0     8      2 0x80000000
[  436.948468] Call Trace:
[  436.954186]  __schedule+0x24e/0x890
[  436.962674]  schedule+0x2c/0x80
[  436.970333]  schedule_timeout+0x15d/0x370
[  436.979820]  ? __next_timer_interrupt+0xe0/0xe0
[  436.996276]  rcu_gp_kthread+0x53a/0x980
[  437.005525]  kthread+0x121/0x140
[  437.022197]  ? rcu_note_context_switch+0x150/0x150
[  437.037913]  ? kthread_create_worker_on_cpu+0x70/0x70
[  437.052346]  ret_from_fork+0x35/0x40
[  437.076186] async_tx: api initialized (async)
done.
Begin: Running /scripts/init-premount ... done.
Begin: Mounting root file system ... Begin: Running /scripts/local-top ... done.
Begin: Running /scripts/local-premount ... [  437.358739] Btrfs loaded, crc32c=crc32c-intel
Scanning for Btrfs filesystems
done.
Warning: fsck not present, so skipping root file system
[  437.516981] EXT4-fs (sda1): mounted filesystem with ordered data mode. Opts: (null)
done.
Begin: Running /scripts/local-bottom ... done.
Begin: Running /scripts/init-bottom ... done.
[  438.167149] ip_tables: (C) 2000-2006 Netfilter Core Team
[  438.227747] systemd[1]: systemd 237 running in system mode. (+PAM +AUDIT +SELINUX +IMA +APPARMOR +SMACK +SYSVINIT +UTMP +LIBCRYPTSETUP +GCRYPT +GNUTLS +ACL +XZ +LZ4 +SECCOMP +BLKID +ELFUTILS +KMOD -IDN2 +IDN -PCRE2 default-hierarchy=hybrid)
[  438.288050] systemd[1]: Detected virtualization oracle.
[  438.299018] systemd[1]: Detected architecture x86-64.

Welcome to [1mUbuntu 18.04.6 LTS[0m!

[  438.378993] systemd[1]: Set hostname to <ubuntu>.
[  438.401785] systemd[1]: Initializing machine ID from random generator.
[  438.413437] systemd[1]: Installed transient /etc/machine-id file.
[  439.055360] systemd[1]: Created slice System Slice.
[[0;32m  OK  [0m] Created slice System Slice.
[  439.069023] systemd[1]: Listening on Journal Audit Socket.
[[0;32m  OK  [0m] Listening on Journal Audit Socket.
[  439.083269] systemd[1]: Listening on Syslog Socket.
[[0;32m  OK  [0m] Listening on Syslog Socket.
[  439.096686] systemd[1]: Listening on udev Kernel Socket.
[[0;32m  OK  [0m] Listening on udev Kernel Socket.
[[0;32m  OK  [0m] Listening on Network Service Netlink Socket.
[[0;32m  OK  [0m] Listening on fsck to fsckd communication Socket.
[[0;32m  OK  [0m] Listening on Journal Socket.
         Mounting POSIX Message Queue File System...
         Starting Set the console keyboard layout...
         Mounting Kernel Debug File System...
         Starting File System Check on Root Device...
[[0;32m  OK  [0m] Reached target User and Group Name Lookups.
[[0;32m  OK  [0m] Created slice User and Session Slice.
[[0;32m  OK  [0m] Reached target Mounting snaps.
[[0;32m  OK  [0m] Reached target Mounted snaps.
[[0;32m  OK  [0m] Reached target System Time Synchronized.
         Starting Uncomplicated firewall...
[[0;32m  OK  [0m] Reached target Swap.
[[0;32m  OK  [0m] Listening on udev Control Socket.
         Starting udev Coldplug all Devices...
[[0;32m  OK  [0m] Created slice system-serial\x2dgetty.slice.
         Starting Create list of required stâ€¦ce nodes for the current kernel...
         Starting Load Kernel Modules...
[[0;32m  OK  [0m] Started Forward Password Requests to Wall Directory Watch.
[[0;32m  OK  [0m] Listening on Journal Socket (/dev/log).
         Starting Journal Service...
[[0;32m  OK  [0m] Listening on LVM2 poll daemon socket.
[[0;32m  OK  [0m] Reached target Slices.
[[0;32m  OK  [0m] Set up automount Arbitrary Executabâ€¦rmats File System Automount Point.[  439.356689] Loading iSCSI transport class v2.0-870.

[[0;32m  OK  [0m] Listening on /dev/initctl Compatibility Named Pipe.
[[0;32m  OK  [0m] Listening on Device-mapper event daemon FIFOs.
[[0;32m  OK  [0m] Listening on LVM2 metadata daemon socket.
         Starting Monitoring of LVM2 mirrorsâ€¦ng dmeventd or progress polling...
         Mounting Huge Pages File System...
[[0;32m  OK  [0m] Mounted POSIX Message Queue File System.
[[0;32m  OK  [0m] Mounted Kernel Debug File System.
[[0;32m  OK  [0m[  439.445496] iscsi: registered transport (tcp)
] Started File System Check on Root Device.
[[0;32m  OK  [0m] Started Uncomplicated firewall.
[[0;32m  OK  [0m] Started Create list of required staâ€¦vice nodes for the current kernel.
[[0;32m  OK  [0m] Mounted Huge Pages File System.
[[0;32m  OK  [0m] Started File System Check Daemon to report status.
         Starting Create Static Device Nodes in /dev...
         Starting Remount Root and Kernel File Systems...
[[0;32m  OK  [0m] Started udev Coldplug all Devices.
[[0;32m  OK  [0m] Started Journal Service.
[[0;32m  OK  [0m] Started LVM2 metadata daemon.
[[0;32m  OK  [0m] Started Create Static Device Nodes in /dev.
[  439.673252] EXT4-fs (sda1): re-mounted. Opts: (null)
[[0;32m  OK  [0m] Started Remount Root and Kernel File Systems.
         Starting udev Kernel Device Manager...
         Starting Flush Journal to Persistent Storage...
         Starting Load/Save Random Seed...
[[0;32m  OK  [0m] Started Monitoring of LVM2 mirrors,â€¦sing dmeventd or progress polling.
[[0;32m  OK  [0m] Started Load/Save Random Seed.
[  439.839005] systemd-journald[426]: Received request to flush runtime journal from PID 1
[[0;32m  OK  [0m] Started udev Kernel Device Manager.
[  439.970838] iscsi: registered transport (iser)
[[0;32m  OK  [0m] Started Load Kernel Modules.
         Starting Apply Kernel Variables...
         Mounting Kernel Configuration File System...
         Mounting FUSE Control File System...
[[0;32m  OK  [0m] Started Flush Journal to Persistent Storage.
[[0;32m  OK  [0m] Mounted Kernel Configuration File System.
[[0;32m  OK  [0m] Mounted FUSE Control File System.
[[0;32m  OK  [0m] Started Apply Kernel Variables.
[[0;32m  OK  [0m] Found device /dev/ttyS0.
[[0;32m  OK  [0m] Listening on Load/Save RF Kill Switch Status /dev/rfkill Watch.
[[0;32m  OK  [0m] Started Set the console keyboard layout.
         Mounting Arbitrary Executable File Formats File System...
[[0;32m  OK  [0m] Started Dispatch Password Requests to Console Directory Watch.
[[0;32m  OK  [0m] Reached target Local Encrypted Volumes.
[[0;32m  OK  [0m] Reached target Local File Systems (Pre).
[[0;32m  OK  [0m] Reached target Local File Systems.
         Starting ebtables ruleset management...
         Starting Commit a transient machine-id on disk...
         Starting Tell Plymouth To Write Out Runtime Data...
         Starting AppArmor initialization...
         Starting Set console font and keymap...
         Starting Create Volatile Files and Directories...
[[0;32m  OK  [0m] Mounted Arbitrary Executable File Formats File System.
[[0;32m  OK  [0m] Started Tell Plymouth To Write Out Runtime Data.
[[0;32m  OK  [0m] Started Create Volatile Files and Directories.
         Starting Update UTMP about System Boot/Shutdown...
[[0;32m  OK  [0m] Started Commit a transient machine-id on disk.
[[0;32m  OK  [0m] Started Update UTMP about System Boot/Shutdown.
[[0;32m  OK  [0m] Started ebtables ruleset management.
[[0;32m  OK  [0m] Started AppArmor initialization.
         Starting Load AppArmor profiles managed internally by snapd...
         Starting Initial cloud-init job (pre-networking)...
[[0;32m  OK  [0m] Started Load AppArmor profiles managed internally by snapd.
[[0;32m  OK  [0m] Started Set console font and keymap.
[  454.100653] cloud-init[780]: Cloud-init v. 23.1.2-0ubuntu0~18.04.1 running 'init-local' at Tue, 02 Apr 2024 19:50:54 +0000. Up 452.71 seconds.
[[0;32m  OK  [0m] Started Initial cloud-init job (pre-networking).
[[0;32m  OK  [0m] Reached target Network (Pre).
         Starting Network Service...
[[0;32m  OK  [0m] Started Network Service.
         Starting Wait for Network to be Configured...
         Starting Network Name Resolution...
[[0;32m  OK  [0m] Started Network Name Resolution.
[[0;32m  OK  [0m] Reached target Host and Network Name Lookups.
[[0;32m  OK  [0m] Reached target Network.
[[0;32m  OK  [0m] Started Wait for Network to be Configured.
         Starting Initial cloud-init job (metadata service crawler)...
[  458.096386] cloud-init[904]: Cloud-init v. 23.1.2-0ubuntu0~18.04.1 running 'init' at Tue, 02 Apr 2024 19:50:59 +0000. Up 457.64 seconds.
[  458.116044] cloud-init[904]: ci-info: ++++++++++++++++++++++++++++++++++++++Net device info++++++++++++++++++++++++++++++++++++++
[  458.127225] cloud-init[904]: ci-info: +--------+------+----------------------------+---------------+--------+-------------------+
[  458.137658] cloud-init[904]: ci-info: | Device |  Up  |          Address           |      Mask     | Scope  |     Hw-Address    |
[  458.147858] cloud-init[904]: ci-info: +--------+------+----------------------------+---------------+--------+-------------------+
[  458.157673] cloud-init[904]: ci-info: | enp0s3 | True |         10.0.2.15          | 255.255.255.0 | global | 02:3b:7b:b7:3b:2d |
[  458.166560] cloud-init[904]: ci-info: | enp0s3 | True | fe80::3b:7bff:feb7:3b2d/64 |       .       |  link  | 02:3b:7b:b7:3b:2d |
[  458.175307] cloud-init[904]: ci-info: |   lo   | True |         127.0.0.1          |   255.0.0.0   |  host  |         .         |
[  458.182119] cloud-init[904]: ci-info: |   lo   | True |          ::1/128           |       .       |  host  |         .         |
[  458.189098] cloud-init[904]: ci-info: +--------+------+----------------------------+---------------+--------+-------------------+
[  458.196583] cloud-init[904]: ci-info: ++++++++++++++++++++++++++++Route IPv4 info+++++++++++++++++++++++++++++
[  458.202580] cloud-init[904]: ci-info: +-------+-------------+----------+-----------------+-----------+-------+
[  458.208963] cloud-init[904]: ci-info: | Route | Destination | Gateway  |     Genmask     | Interface | Flags |
[  458.215400] cloud-init[904]: ci-info: +-------+-------------+----------+-----------------+-----------+-------+
[  458.228185] cloud-init[904]: ci-info: |   0   |   0.0.0.0   | 10.0.2.2 |     0.0.0.0     |   enp0s3  |   UG  |
[  458.242612] cloud-init[904]: ci-info: |   1   |   10.0.2.0  | 0.0.0.0  |  255.255.255.0  |   enp0s3  |   U   |
[  458.253146] cloud-init[904]: ci-info: |   2   |   10.0.2.2  | 0.0.0.0  | 255.255.255.255 |   enp0s3  |   UH  |
[  458.267692] cloud-init[904]: ci-info: +-------+-------------+----------+-----------------+-----------+-------+
[  458.281293] cloud-init[904]: ci-info: +++++++++++++++++++Route IPv6 info+++++++++++++++++++
[  458.290580] cloud-init[904]: ci-info: +-------+-------------+---------+-----------+-------+
[  458.303575] cloud-init[904]: ci-info: | Route | Destination | Gateway | Interface | Flags |
[  458.315192] cloud-init[904]: ci-info: +-------+-------------+---------+-----------+-------+
[  458.328828] cloud-init[904]: ci-info: |   1   |  fe80::/64  |    ::   |   enp0s3  |   U   |
[  458.343463] cloud-init[904]: ci-info: |   3   |    local    |    ::   |   enp0s3  |   U   |
[  458.358639] cloud-init[904]: ci-info: |   4   |   ff00::/8  |    ::   |   enp0s3  |   U   |
[  458.379860] cloud-init[904]: ci-info: +-------+-------------+---------+-----------+-------+
[  459.982631] cloud-init[904]: Generating public/private rsa key pair.
[  459.999884] cloud-init[904]: Your identification has been saved in /etc/ssh/ssh_host_rsa_key.
[  460.008216] cloud-init[904]: Your public key has been saved in /etc/ssh/ssh_host_rsa_key.pub.
[  460.030205] cloud-init[904]: The key fingerprint is:
[  460.036912] cloud-init[904]: SHA256:WfBbfMJVfbQvLa+sqVKdykpU7aLInREJnD0fk3vCGvI root@ubuntu-bionic
[  460.045652] cloud-init[904]: The key's randomart image is:
[  460.051654] cloud-init[904]: +---[RSA 2048]----+
[  460.058610] cloud-init[904]: |     ..o.  .  .o+|
[  460.069804] cloud-init[904]: |      o.o+++ .  +|
[  460.078417] cloud-init[904]: |        o+++* ...|
[  460.087376] cloud-init[904]: |      . .==+.o ..|
[  460.097474] cloud-init[904]: |       oSoo+..o o|[[0;32m  OK  [0m] Started Initial cloud-init job (metadata service crawler).
[[0;32m  OK  [0m] Reached target Cloud-config availability.
[[0;32m  OK  [0m] Reached target System Initialization.
[[0;32m  OK  [0m] Listening on D-Bus System Message Bus Socket.
[[0;32m  OK  [0m] Started Message of the Day.
[[0;32m  OK  [0m] Listening on UUID daemon activation socket.
[[0;32m  OK  [0m] Listening on ACPID Listen Socket.
[[0;32m  OK  [0m] Started Discard unused blocks once a week.
[[0;32m  OK  [0m] Listening on Open-iSCSI iscsid Socket.
[[0;32m  OK  [0m] Started Ubuntu Advantage Timer for running repeated jobs.
[[0;32m  OK  [0m] Started Daily Cleanup of Temporary Directories.
         Starting Socket activation for snappy daemon.

         Starting LXD - unix socket.
[[0;32m  OK  [0m] Listening on cloud-init hotplug hook socket.
[[0;32m  OK  [0m] Started Daily apt download activities.
[[0;32m  OK  [0m] Started Daily apt upgrade and clean activities.
[[0;32m  OK  [0m] Reached target Timers.
[  460.142527] cloud-init[904]: |     . +E+..o  + |
[  460.165149] cloud-init[904]: |      o =o .    .|
[  460.170755] cloud-init[[0;32m  OK  [0m[904]: |       .. o  o . |
[  460.214323] cloud-init[904]: |        .o..o.o  |
[  460.216747] cloud-init[904]: +----[SHA256]-----+
[  460.217538] cloud-init[904]: Generating public/private dsa key pair.
[  460.218274] cloud-init[904]: Your identification has been saved in /etc/ssh/ssh_host_dsa_key.
[  460.219106] cloud-init[904]: Your public key has been saved in /etc/ssh/ssh_host_dsa_key.pub.
[  460.219734] cloud-init[904]: The key fingerprint is:
[  460.221200] cloud-init[904]: SHA256:Hnb6ggyg4s81KavCLPzJLh5ALWdKTcfHw2U/TYOIRJA root@ubuntu-bionic
[  460.222743] cloud-init[904]: The key's randomart image is:
[  460.223720] cloud-init[904]: +---[DSA 1024]----+
[  460.224914] cloud-init[904]: |   ..oBooo. .o   |
[  460.225496] cloud-init[904]: |  + .E *....o .  |
[  460.225713] cloud-init[904]: | + =  . .  o .   |
[  460.225808] cloud-init[904]: |o *         .    |
[  460.225912] cloud-init[904]: |.o .    S .      |
[  460.225991] cloud-init[904]: |+   . .o +       |
[  460.226081] cloud-init[904]: |*. . * .o        |
[  460.226957] cloud-init[904]: |o*+ = + ..       |
[  460.229661] cloud-init[904]: |+o*O     ..      |
[  460.230314] cloud-init[904]: +----[SHA256]-----+
[  460.231996] cloud-init[904]: Generating public/private ecdsa key pair.
[  460.233682] cloud-init[904]: Your identification has been saved in /etc/ssh/ssh_host_ecdsa_key.
[  460.235157] cloud-init[904]: Your public key has been saved in /etc/ssh/ssh_host_ecdsa_key.pub.
[  460.235974] cloud-init[904]: The key fingerprint is:
[  460.238148] cloud-init[904]: SHA256:lt7KMwGRsCuNWR/R7M6oAMVcx1iUsQbCDBtczBmpDxw root@ubuntu-bionic
[  460.238563] cloud-init[904]: The key's randomart image is:
[  460.241300] cloud-init[904]: +---[ECDSA 256]---+
[  460.241959] cloud-init[904]: |+*=+B***         |
[  460.242720] cloud-init[904]: | E**.+=oo        |
[  460.243559] cloud-init[904]: |o.o o +o         |
[  460.245164] cloud-init[904]: |.+ = +....       |
[  460.245896] cloud-init[904]: | .* o .=S        |
[  460.247516] cloud-init[904]: |  .o  .o+.       |
[  460.249587] cloud-init[904]: |   . .  ...      |
[  460.250367] cloud-init[904]: |    .  .o.       |
[  460.251243] cloud-init[904]: |        oo       |
[  460.251934] cloud-init[904]: +----[SHA256]-----+
[  460.253494] cloud-init[904]: Generating public/private ed25519 key pair.
[  460.254223] cloud-init[904]: Your identification has been saved in /etc/ssh/ssh_host_ed25519_key.
[  460.255155] cloud-init[904]: Your public key has been saved in /etc/ssh/ssh_host_ed25519_key.pub.
[  460.256112] cloud-init[904]: The key fingerprint is:
[  460.258182] cloud-init[904]: SHA256:eQM5Ni06R65SMdjdC5jQvfcwJI+eDfb81q1qEVRZXfA root@ubuntu-bionic
[  460.262059] cloud-init[904]: The key's randomart image is:
[  460.262722] cloud-init[904]: +--[ED25519 256]--+
[  460.263468] cloud-init[904]: |    .. .     .o+=|
[  460.264847] cloud-init[904]: |     +.+o+. . ...|
[  460.265372] cloud-init[904]: |    . * @*o.    E|
[  460.266009] cloud-init[904]: |       B=B=..    |
[  460.266595] cloud-init[904]: |      +oSB++ .   |
[  460.267188] cloud-init[904]: |     . +o.+.o    |
[  460.267777] cloud-init[904]: |    . .    . o . |
[  460.270607] cloud-init[904]: |     .      + . .|
[  460.273320] cloud-init[904]: |           o.... |
[  460.274406] cloud-init[904]: +----[SHA256]-----+
] Started ACPI Events Check.
[[0;32m  OK  [0m] Reached target Paths.
[[0;32m  OK  [0m] Reached target Network is Online.
         Starting Availability of block devices...
[[0;32m  OK  [0m] Reached target Remote File Systems (Pre).
[[0;32m  OK  [0m] Reached target Remote File Systems.
[[0;32m  OK  [0m] Listening on Socket activation for snappy daemon.
[[0;32m  OK  [0m] Listening on LXD - unix socket.
[[0;32m  OK  [0m] Started Availability of block devices.
[[0;32m  OK  [0m] Reached target Sockets.
[[0;32m  OK  [0m] Reached target Basic System.
         Starting LSB: automatic crash report generation...
         Starting Dispatcher daemon for systemd-networkd...
[[0;32m  OK  [0m] Reached target Login Prompts (Pre).
[[0;32m  OK  [0m] Started FUSE filesystem for LXC.
         Starting Virtualbox guest utils...
         Starting Pollinate to seed the pseudo random number generator...
[[0;32m  OK  [0m] Started Regular background program processing daemon.
         Starting LSB: Record successful boot for GRUB...
[[0;32m  OK  [0m] Started D-Bus System Message Bus.
         Starting Login Service...
         Starting LXD - container startup/shutdown...
         Starting Snap Daemon...
         Starting Accounts Service...
         Starting System Logging Service...
[[0;32m  OK  [0m] Started Deferred execution scheduler.
[[0;32m  OK  [0m] Started irqbalance daemon.
         Starting Permit User Sessions...
[[0;32m  OK  [0m] Started System Logging Service.
[[0;32m  OK  [0m] Started Login Service.
[[0;32m  OK  [0m] Started Unattended Upgrades Shutdown.
[[0;32m  OK  [0m] Started Permit User Sessions.
         Starting Hold until boot process finishes up...
         Starting Terminate Plymouth Boot Screen...
[[0;32m  OK  [0m] Started Hold until boot process finishes up.
[[0;32m  OK  [0m] Started Terminate Plymouth Boot Screen.
[[0;32m  OK  [0m] Started Serial Getty on ttyS0.
         Starting Set console scheme...
[[0;32m  OK  [0m] Started Dispatcher daemon for systemd-networkd.
[[0;32m  OK  [0m] Started LSB: automatic crash report generation.
[[0;32m  OK  [0m] Started LSB: Record successful boot for GRUB.
[[0;32m  OK  [0m] Started Set console scheme.
[[0;32m  OK  [0m] Created slice system-getty.slice.
[[0;32m  OK  [0m] Started Getty on tty1.
[[0;32m  OK  [0m] Reached target Login Prompts.
         Starting Authorization Manager...
[[0;32m  OK  [0m] Started Authorization Manager.
[[0;32m  OK  [0m] Started Accounts Service.
[[0;32m  OK  [0m] Started Virtualbox guest utils.
[[0;32m  OK  [0m] Started LXD - container startup/shutdown.
[[0;32m  OK  [0m] Started Pollinate to seed the pseudo random number generator.
         Starting OpenBSD Secure Shell server...
[[0;32m  OK  [0m] Started OpenBSD Secure Shell server.
[[0;32m  OK  [0m] Started Snap Daemon.
         Starting Wait until snapd is fully seeded...
         Starting Time & Date Service...
[[0;32m  OK  [0m] Started Time & Date Service.

Ubuntu 18.04.6 LTS ubuntu-bionic ttyS0

ubuntu-bionic login: [  470.634214] cloud-init[1381]: Cloud-init v. 23.1.2-0ubuntu0~18.04.1 running 'modules:config' at Tue, 02 Apr 2024 22:21:25 +0000. Up 469.78 seconds.
ci-info: no authorized SSH keys fingerprints found for user ubuntu.
<14>Apr  2 22:21:28 cloud-init: #############################################################
<14>Apr  2 22:21:28 cloud-init: -----BEGIN SSH HOST KEY FINGERPRINTS-----
<14>Apr  2 22:21:28 cloud-init: 1024 SHA256:Hnb6ggyg4s81KavCLPzJLh5ALWdKTcfHw2U/TYOIRJA root@ubuntu-bionic (DSA)
<14>Apr  2 22:21:28 cloud-init: 256 SHA256:lt7KMwGRsCuNWR/R7M6oAMVcx1iUsQbCDBtczBmpDxw root@ubuntu-bionic (ECDSA)
<14>Apr  2 22:21:28 cloud-init: 256 SHA256:eQM5Ni06R65SMdjdC5jQvfcwJI+eDfb81q1qEVRZXfA root@ubuntu-bionic (ED25519)
<14>Apr  2 22:21:28 cloud-init: 2048 SHA256:WfBbfMJVfbQvLa+sqVKdykpU7aLInREJnD0fk3vCGvI root@ubuntu-bionic (RSA)
<14>Apr  2 22:21:28 cloud-init: -----END SSH HOST KEY FINGERPRINTS-----
<14>Apr  2 22:21:28 cloud-init: #############################################################
-----BEGIN SSH HOST KEY KEYS-----
ecdsa-sha2-nistp256 AAAAE2VjZHNhLXNoYTItbmlzdHAyNTYAAAAIbmlzdHAyNTYAAABBBC6gYHA8rOqQaeOYt8S+Q70UVIp5idEjdME7xZ065hDVOvmsn4f8+3rxSt9zfGUpoQ+JSB0b1kq9f6IrNGb29i4= root@ubuntu-bionic
ssh-ed25519 AAAAC3NzaC1lZDI1NTE5AAAAIHhqBuIpuJccG/+0qs+YJa6WpzTeMfBioW2SDHClib9x root@ubuntu-bionic
ssh-rsa AAAAB3NzaC1yc2EAAAADAQABAAABAQDgmLVoMRSEizlc5bA9dU0npRFnsaPDZ6HoOVZMeYO5toES6b26i8jrrnYCBXQGgTGIF4w020Uc5OAYbqYjeqlE0o+QeNNQEYRf/nv8dEqNO843xhi9KnDbYuxnmfhQTGuuU02eYdY1HPrSi/EYLGmDWk1x2DlAp7X4ZxvT5ToLrAJwi8ss8ceGCX593fxIxc7Wthe30bNIj/nC59CUitVooNcgDpJAah8kSQbhzrepeJ4quQBcAoyp1bvhVPRP/7dlIBQXBp45b76yMq8zdi12m/aKZHRi4qE5cT2n38HxiWe3jy0mXa94jo+rDzNcTR2z2I6Y/IyqVF81WFmVgGS5 root@ubuntu-bionic
-----END SSH HOST KEY KEYS-----
[  472.003827] cloud-init[1451]: Cloud-init v. 23.1.2-0ubuntu0~18.04.1 running 'modules:final' at Tue, 02 Apr 2024 22:21:27 +0000. Up 471.65 seconds.
[  472.018292] cloud-init[1451]: Cloud-init v. 23.1.2-0ubuntu0~18.04.1 finished at Tue, 02 Apr 2024 22:21:28 +0000. Datasource DataSourceNoCloud [seed=/dev/sdb][dsmode=net].  Up 471.93 seconds
